// Jest Snapshot v1, https://goo.gl/fbAQLP

exports[`Tests on <LoginScreen /> Should render correctly 1`] = `
<div
  className="container login-container"
>
  <div
    className="row"
  >
    <div
      className="col-md-6 login-form-1"
    >
      <h3>
        Login
      </h3>
      <form
        onSubmit={[Function]}
      >
        <div
          className="form-group"
        >
          <input
            className="form-control"
            name="loginEmail"
            onChange={[Function]}
            placeholder="Email"
            type="text"
            value=""
          />
        </div>
        <div
          className="form-group"
        >
          <input
            className="form-control"
            name="loginPassword"
            onChange={[Function]}
            placeholder="Password"
            type="password"
            value=""
          />
        </div>
        <div
          className="form-group"
        >
          <input
            className="btnSubmit"
            type="submit"
            value="Login"
          />
        </div>
      </form>
    </div>
    <div
      className="col-md-6 login-form-2"
    >
      <h3>
        Register
      </h3>
      <form
        onSubmit={[Function]}
      >
        <div
          className="form-group"
        >
          <input
            className="form-control"
            name="registerName"
            onChange={[Function]}
            placeholder="Name"
            type="text"
            value="Esteban"
          />
        </div>
        <div
          className="form-group"
        >
          <input
            className="form-control"
            name="registerEmail"
            onChange={[Function]}
            placeholder="Email"
            type="email"
            value="esteban@zaragoza.com"
          />
        </div>
        <div
          className="form-group"
        >
          <input
            className="form-control"
            name="registerPassword"
            onChange={[Function]}
            placeholder="Password"
            type="password"
          />
        </div>
        <div
          className="form-group"
        >
          <input
            className="form-control"
            name="registerPassword1"
            onChange={[Function]}
            placeholder="Confirm password"
            type="password"
          />
        </div>
        <div
          className="form-group"
        >
          <input
            className="btnSubmit"
            type="submit"
            value="Create acount"
          />
        </div>
      </form>
    </div>
  </div>
</div>
`;
